bringing up nodes...
bringing up nodes...

........................................................................ [  9%]
........................................................................ [ 19%]
........................................................................ [ 29%]
........................................................................ [ 39%]
........................................................................ [ 49%]
...........................................s..s..ss..................... [ 58%]
.......s................................................................ [ 68%]
........................................................................ [ 78%]
........................................................................ [ 88%]
........................................................................ [ 98%]
.............                                                            [100%]
=============================== warnings summary ===============================
.venv-mac/lib/python3.12/site-packages/fastapi/testclient.py:1
.venv-mac/lib/python3.12/site-packages/fastapi/testclient.py:1
.venv-mac/lib/python3.12/site-packages/fastapi/testclient.py:1
.venv-mac/lib/python3.12/site-packages/fastapi/testclient.py:1
.venv-mac/lib/python3.12/site-packages/fastapi/testclient.py:1
  /Users/joiefu/Project/OPTIFORGE/.venv-mac/lib/python3.12/site-packages/fastapi/testclient.py:1: StarletteDeprecationWarning: Using `httpx` with `starlette.testclient` is deprecated; install `httpx2` instead.
    from starlette.testclient import TestClient as TestClient  # noqa

-- Docs: https://docs.pytest.org/en/stable/how-to/capture-warnings.html
- generated xml file: /Users/joiefu/Project/OPTIFORGE/reports/pytest-final-parallel.xml -
728 passed, 5 skipped, 5 warnings in 100.79s (0:01:40)
