bringing up nodes...
bringing up nodes...

........................................................................ [ 12%]
........................................................................ [ 25%]
........................................................................ [ 37%]
........................................................................ [ 50%]
........................................s............................... [ 62%]
........................................................................ [ 75%]
.s...s..s.s............................................................. [ 87%]
.......................................................................  [100%]
=============================== warnings summary ===============================
.venv-mac/lib/python3.12/site-packages/fastapi/testclient.py:1
.venv-mac/lib/python3.12/site-packages/fastapi/testclient.py:1
.venv-mac/lib/python3.12/site-packages/fastapi/testclient.py:1
.venv-mac/lib/python3.12/site-packages/fastapi/testclient.py:1
.venv-mac/lib/python3.12/site-packages/fastapi/testclient.py:1
  /Users/joiefu/Project/OPTIFORGE/.venv-mac/lib/python3.12/site-packages/fastapi/testclient.py:1: StarletteDeprecationWarning: Using `httpx` with `starlette.testclient` is deprecated; install `httpx2` instead.
    from starlette.testclient import TestClient as TestClient  # noqa

-- Docs: https://docs.pytest.org/en/stable/how-to/capture-warnings.html
- generated xml file: /Users/joiefu/Project/OPTIFORGE/reports/pytest-nonslow-1.xml -
570 passed, 5 skipped, 5 warnings in 44.92s
